#-----------------------------------------------------------
# Webtalk v2020.1 (64-bit)
# SW Build 2902540 on Wed May 27 19:54:35 MDT 2020
# IP Build 2902112 on Wed May 27 22:43:36 MDT 2020
# Start of session at: Fri Dec  5 12:19:29 2025
# Process ID: 43122
# Current directory: /home/cam2022/CPRE-487_git/CPRE-4870/Project/hw/fp32_mac/vivado/tc_piped_mac/tc_piped_mac.sim/sim_1/impl/func/xsim
# Command line: wbtcv -mode batch -source /home/cam2022/CPRE-487_git/CPRE-4870/Project/hw/fp32_mac/vivado/tc_piped_mac/tc_piped_mac.sim/sim_1/impl/func/xsim/xsim.dir/piped_mac_func_impl/webtalk/xsim_webtalk.tcl -notrace
# Log file: /home/cam2022/CPRE-487_git/CPRE-4870/Project/hw/fp32_mac/vivado/tc_piped_mac/tc_piped_mac.sim/sim_1/impl/func/xsim/webtalk.log
# Journal file: /home/cam2022/CPRE-487_git/CPRE-4870/Project/hw/fp32_mac/vivado/tc_piped_mac/tc_piped_mac.sim/sim_1/impl/func/xsim/webtalk.jou
#-----------------------------------------------------------
source /home/cam2022/CPRE-487_git/CPRE-4870/Project/hw/fp32_mac/vivado/tc_piped_mac/tc_piped_mac.sim/sim_1/impl/func/xsim/xsim.dir/piped_mac_func_impl/webtalk/xsim_webtalk.tcl -notrace
