#-----------------------------------------------------------
# Vivado v2020.1 (64-bit)
# SW Build 2902540 on Wed May 27 19:54:35 MDT 2020
# IP Build 2902112 on Wed May 27 22:43:36 MDT 2020
# Start of session at: Mon Oct 27 13:54:24 2025
# Process ID: 68025
# Current directory: /home/cam2022/CPRE-487_git/CPRE-4870/Lab_3/simple_interface_piped/vivado
# Command line: vivado
# Log file: /home/cam2022/CPRE-487_git/CPRE-4870/Lab_3/simple_interface_piped/vivado/vivado.log
# Journal file: /home/cam2022/CPRE-487_git/CPRE-4870/Lab_3/simple_interface_piped/vivado/vivado.jou
#-----------------------------------------------------------
start_gui
source simple_interface.tcl
update_compile_order -fileset sources_1
open_bd_design {/home/cam2022/CPRE-487_git/CPRE-4870/Lab_3/simple_interface_piped/vivado/simple_interface/simple_interface.srcs/sources_1/bd/staged_mac_bd/staged_mac_bd.bd}
import_files -norecurse /home/cam2022/CPRE-487_git/CPRE-4870/Lab_3/piped_mac/hdl/piped_mac.vhd
update_compile_order -fileset sources_1
create_bd_cell -type module -reference piped_mac piped_mac_0
set_property location {3.5 1693 146} [get_bd_cells piped_mac_0]
startgroup
create_bd_cell -type ip -vlnv xilinx.com:ip:axis_subset_converter:1.1 axis_subset_converter_0
endgroup
set_property location {4 1378 152} [get_bd_cells axis_subset_converter_0]
set_property location {4 1388 149} [get_bd_cells axis_subset_converter_0]
connect_bd_intf_net [get_bd_intf_pins axi_fifo_mm_s_0/AXI_STR_TXD] [get_bd_intf_pins axis_subset_converter_0/S_AXIS]
connect_bd_intf_net [get_bd_intf_pins axis_subset_converter_0/M_AXIS] [get_bd_intf_pins piped_mac_0/SD_AXIS]
connect_bd_intf_net [get_bd_intf_pins piped_mac_0/MO_AXIS] [get_bd_intf_pins axi_fifo_mm_s_0/AXI_STR_RXD]
startgroup
apply_bd_automation -rule xilinx.com:bd_rule:clkrst -config { Clk {/processing_system7_0/FCLK_CLK0 (100 MHz)} Freq {100} Ref_Clk0 {} Ref_Clk1 {} Ref_Clk2 {}}  [get_bd_pins axis_subset_converter_0/aclk]
endgroup
save_bd_design
launch_runs impl_1 -to_step write_bitstream -jobs 10
wait_on_run impl_1
startgroup
set_property -dict [list CONFIG.M_TDATA_NUM_BYTES.VALUE_SRC USER CONFIG.S_TDATA_NUM_BYTES.VALUE_SRC USER] [get_bd_cells axis_subset_converter_0]
set_property -dict [list CONFIG.S_TDATA_NUM_BYTES {4} CONFIG.M_TDATA_NUM_BYTES {2} CONFIG.TDATA_REMAP {tdata[15:0]}] [get_bd_cells axis_subset_converter_0]
endgroup
save_bd_design
reset_run impl_1 -prev_step 
launch_runs impl_1 -to_step write_bitstream -jobs 10
wait_on_run impl_1
make_wrapper -files [get_files /home/cam2022/CPRE-487_git/CPRE-4870/Lab_3/simple_interface_piped/vivado/simple_interface/simple_interface.srcs/sources_1/bd/staged_mac_bd/staged_mac_bd.bd] -top
add_files -norecurse /home/cam2022/CPRE-487_git/CPRE-4870/Lab_3/simple_interface_piped/vivado/simple_interface/simple_interface.srcs/sources_1/bd/staged_mac_bd/hdl/staged_mac_bd_wrapper.v
update_compile_order -fileset sources_1
update_compile_order -fileset sources_1
reset_run synth_1
launch_runs impl_1 -to_step write_bitstream -jobs 10
wait_on_run impl_1
open_run impl_1
report_utilization -name utilization_1
set_property pfm_name {} [get_files -all {/home/cam2022/CPRE-487_git/CPRE-4870/Lab_3/simple_interface_piped/vivado/simple_interface/simple_interface.srcs/sources_1/bd/staged_mac_bd/staged_mac_bd.bd}]
write_hw_platform -fixed -include_bit -force -file /home/cam2022/CPRE-487_git/CPRE-4870/Lab_3/sw/cpre487-587-dnn-framework-main/staged_mac_bd_wrapper.xsa
set_property pfm_name {} [get_files -all {/home/cam2022/CPRE-487_git/CPRE-4870/Lab_3/simple_interface_piped/vivado/simple_interface/simple_interface.srcs/sources_1/bd/staged_mac_bd/staged_mac_bd.bd}]
write_hw_platform -fixed -include_bit -force -file /home/cam2022/CPRE-487_git/CPRE-4870/Lab_3/sw/cpre487-587-dnn-framework-main/staged_mac_bd_wrapper.xsa
